Microchip MPLAB XC8 Compiler V2.32

Linker command line:

-W-3 --edf=D:\Softwares\Microchip\xc8\v2.32\pic\dat\en_msgs.txt -cn \
  -h+dist/default/production\smartcar.production.sym \
  --cmf=dist/default/production\smartcar.production.cmf -z -Q16F18854 \
  -oC:\Users\14361\AppData\Local\Temp\xcAs7oc.4 --defsym=__MPLAB_BUILD=1 \
  -Mdist/default/production/smartcar.production.map -E1 -ver=XC8 Compiler \
  --acfsm=1493 -ASTACK=02032h-021EFh -pstack=STACK -ACODE=00h-07FFhx2 \
  -ASTRCODE=00h-0FFFh -ASTRING=00h-0FFhx16 -ACONST=00h-0FFhx16 \
  -AENTRY=00h-0FFhx16 -ACOMMON=070h-07Fh -ABANK0=020h-06Fh \
  -ABANK1=0A0h-0EFh -ABANK2=0120h-016Fh -ABANK3=01A0h-01EFh \
  -ABANK4=0220h-026Fh -ABANK5=02A0h-02EFh -ABANK6=0320h-032Fh \
  -ABIGRAM=02000h-021EFh \
  -ARAM=020h-06Fh,0A0h-0EFh,0120h-016Fh,01A0h-01EFh,0220h-026Fh,02A0h-02EFh,0320h-032Fh \
  -AABS1=020h-07Fh,0A0h-0EFh,0120h-016Fh,01A0h-01EFh,0220h-026Fh,02A0h-02EFh,0320h-032Fh \
  -ASFR0=00h-01Fh -ASFR1=080h-09Fh -ASFR2=0100h-011Fh -ASFR3=0180h-019Fh \
  -ASFR4=0200h-021Fh -ASFR5=0280h-029Fh -ASFR6=0300h-031Fh \
  -ASFR7=0380h-03EFh -ASFR8=0400h-046Fh -ASFR9=0480h-04EFh \
  -ASFR10=0500h-056Fh -ASFR11=0580h-05EFh -ASFR12=0600h-066Fh \
  -ASFR13=0680h-06EFh -ASFR14=0700h-076Fh -ASFR15=0780h-07EFh \
  -ASFR16=0800h-086Fh -ASFR17=0880h-08EFh -ASFR18=0900h-096Fh \
  -ASFR19=0980h-09EFh -ASFR20=0A00h-0A6Fh -ASFR21=0A80h-0AEFh \
  -ASFR22=0B00h-0B6Fh -ASFR23=0B80h-0BEFh -ASFR24=0C00h-0C6Fh \
  -ASFR25=0C80h-0CEFh -ASFR26=0D00h-0D6Fh -ASFR27=0D80h-0DEFh \
  -ASFR28=0E00h-0E6Fh -ASFR29=0E80h-0EEFh -ASFR30=0F00h-0F6Fh \
  -ASFR31=0F80h-0FEFh -ACONFIG=08007h-0800Bh -DCONFIG=2 \
  -AIDLOC=08000h-08003h -DIDLOC=2 -AEEDATA=00h-0FFh/0F000h \
  -peeprom_data=EEDATA -DEEDATA=2 -DCODE=2 -DSTRCODE=2 -DSTRING=2 -DCONST=2 \
  -DENTRY=2 -preset_vec=00h,intentry=04h,init,end_init -ppowerup=CODE \
  -pcinit=CODE -pfunctab=ENTRY -k \
  C:\Users\14361\AppData\Local\Temp\xcAs7oc.o \
  dist/default/production\smartcar.production.o 

Object code version is 3.11

Machine type is 16F18854



                Name                               Link     Load   Length Selector   Space Scale
C:\Users\14361\AppData\Local\Temp\xcAs7oc.o
                end_init                             16       16        2        8       0
                reset_vec                             0        0        2        0       0
                config                             8007     8007        5        0       4
dist/default/production\smartcar.production.o
                cinit                                18       18       13        8       0
                intentry                              4        4       12        8       0
                config                             8007     8007        5        0       4
                text17                              120      120       29        8       0
                text16                              1B8      1B8       1B        8       0
                text15                              1FF      1FF       15        8       0
                text14                              214      214       13        8       0
                text13                              19D      19D       1B        8       0
                text12                              182      182       1B        8       0
                text11                              167      167       1B        8       0
                text10                              246      246        3        8       0
                text9                                2B       2B       B0        8       0
                text8                               240      240        6        8       0
                text6                               1D3      1D3       17        8       0
                text5                               227      227        7        8       0
                text4                               23A      23A        6        8       0
                text3                               1EA      1EA       15        8       0
                text2                                DB       DB       45        8       0
                text1                               149      149       1E        8       0
                maintext                            234      234        6        8       0
                cstackCOMMON                         77       77        6       70       1
                clrtext                             22E      22E        6        8       0
                bssBANK0                             20       20       32       20       1
                bssCOMMON                            70       70        7       70       1

TOTAL           Name                               Link     Load   Length     Space
        CLASS   STACK          

        CLASS   CODE           
                end_init                             16       16        2         0
                cinit                                18       18       13         0
                intentry                              4        4       12         0
                reset_vec                             0        0        2         0
                text17                              120      120       29         0
                text16                              1B8      1B8       1B         0
                text15                              1FF      1FF       15         0
                text14                              214      214       13         0
                text13                              19D      19D       1B         0
                text12                              182      182       1B         0
                text11                              167      167       1B         0
                text10                              246      246        3         0
                text9                                2B       2B       B0         0
                text8                               240      240        6         0
                text6                               1D3      1D3       17         0
                text5                               227      227        7         0
                text4                               23A      23A        6         0
                text3                               1EA      1EA       15         0
                text2                                DB       DB       45         0
                text1                               149      149       1E         0
                maintext                            234      234        6         0
                clrtext                             22E      22E        6         0

        CLASS   STRCODE        

        CLASS   STRING         

        CLASS   CONST          

        CLASS   ENTRY          

        CLASS   COMMON         
                cstackCOMMON                         77       77        6         1
                bssCOMMON                            70       70        7         1

        CLASS   BANK0          
                bssBANK0                             20       20       32         1

        CLASS   BANK1          

        CLASS   BANK2          

        CLASS   BANK3          

        CLASS   BANK4          

        CLASS   BANK5          

        CLASS   BANK6          

        CLASS   BIGRAM         

        CLASS   RAM            

        CLASS   ABS1           
                abs_s1                               7E       7E        2         1

        CLASS   SFR0           

        CLASS   SFR1           

        CLASS   SFR2           

        CLASS   SFR3           

        CLASS   SFR4           

        CLASS   SFR5           

        CLASS   SFR6           

        CLASS   SFR7           

        CLASS   SFR8           

        CLASS   SFR9           

        CLASS   SFR10          

        CLASS   SFR11          

        CLASS   SFR12          

        CLASS   SFR13          

        CLASS   SFR14          

        CLASS   SFR15          

        CLASS   SFR16          

        CLASS   SFR17          

        CLASS   SFR18          

        CLASS   SFR19          

        CLASS   SFR20          

        CLASS   SFR21          

        CLASS   SFR22          

        CLASS   SFR23          

        CLASS   SFR24          

        CLASS   SFR25          

        CLASS   SFR26          

        CLASS   SFR27          

        CLASS   SFR28          

        CLASS   SFR29          

        CLASS   SFR30          

        CLASS   SFR31          

        CLASS   CONFIG         
                config                             8007     8007        5         4

        CLASS   IDLOC          

        CLASS   EEDATA         

        CLASS   BANK31         

        CLASS   BANK30         

        CLASS   BANK29         

        CLASS   BANK28         

        CLASS   BANK27         

        CLASS   BANK26         

        CLASS   BANK25         

        CLASS   BANK24         

        CLASS   BANK23         

        CLASS   BANK22         

        CLASS   BANK21         

        CLASS   BANK20         

        CLASS   BANK19         

        CLASS   BANK18         

        CLASS   BANK17         

        CLASS   BANK16         

        CLASS   BANK15         

        CLASS   BANK14         

        CLASS   BANK13         

        CLASS   BANK12         

        CLASS   BANK11         

        CLASS   BANK10         

        CLASS   BANK9          

        CLASS   BANK8          

        CLASS   BANK7          



SEGMENTS        Name                           Load    Length   Top    Selector   Space  Class     Delta

                reset_vec                      000000  000002  000002         0       0  CODE        2
                intentry                       000004  000245  000249         8       0  CODE        2
                bssBANK0                       000020  000032  000052        20       1  BANK0       1
                bssCOMMON                      000070  00000D  00007D        70       1  COMMON      1


UNUSED ADDRESS RANGES

        Name                Unused          Largest block    Delta
        BANK0            00052-0006F              1E           1
        BANK1            000A0-000EF              50           1
        BANK2            00120-0016F              50           1
        BANK3            001A0-001EF              50           1
        BANK4            00220-0026F              50           1
        BANK5            002A0-002EF              50           1
        BANK6            00320-0032F              10           1
        BIGRAM           02000-021EF             1F0           1
        CODE             00002-00003               2           2
                         00249-00FFF             5B7
        COMMON           0007D-0007D               1           1
        CONST            00002-00003               2           2
                         00249-00FFF             100
        EEDATA           0F000-0F0FF             100           2
        ENTRY            00002-00003               2           2
                         00249-00FFF             100
        IDLOC            08000-08003               4           2
        RAM              00052-0006F              1E           1
                         000A0-000EF              50
                         00120-0016F              50
                         001A0-001EF              50
                         00220-0026F              50
                         002A0-002EF              50
                         00320-0032F              10
        SFR0             00000-0001F              20           1
        SFR1             00080-0009F              20           1
        SFR10            00500-0056F              70           1
        SFR11            00580-005EF              70           1
        SFR12            00600-0066F              70           1
        SFR13            00680-006EF              70           1
        SFR14            00700-0076F              70           1
        SFR15            00780-007EF              70           1
        SFR16            00800-0086F              70           1
        SFR17            00880-008EF              70           1
        SFR18            00900-0096F              70           1
        SFR19            00980-009EF              70           1
        SFR2             00100-0011F              20           1
        SFR20            00A00-00A6F              70           1
        SFR21            00A80-00AEF              70           1
        SFR22            00B00-00B6F              70           1
        SFR23            00B80-00BEF              70           1
        SFR24            00C00-00C6F              70           1
        SFR25            00C80-00CEF              70           1
        SFR26            00D00-00D6F              70           1
        SFR27            00D80-00DEF              70           1
        SFR28            00E00-00E6F              70           1
        SFR29            00E80-00EEF              70           1
        SFR3             00180-0019F              20           1
        SFR30            00F00-00F6F              70           1
        SFR31            00F80-00FEF              70           1
        SFR4             00200-0021F              20           1
        SFR5             00280-0029F              20           1
        SFR6             00300-0031F              20           1
        SFR7             00380-003EF              70           1
        SFR8             00400-0046F              70           1
        SFR9             00480-004EF              70           1
        STACK            02032-021EF             1BE           1
        STRCODE          00002-00003               2           2
                         00249-00FFF             DB7
        STRING           00002-00003               2           2
                         00249-00FFF             100

                                  Symbol Table

_ANSA0                            (abs)        079C0
_ANSELA                           (abs)        00F38
_ANSELB                           (abs)        00F43
_ANSELBbits                       (abs)        00F43
_ANSELC                           (abs)        00F4E
_BAUD1CONbits                     (abs)        0011F
_CCP1CON                          (abs)        0030E
_CCP2CON                          (abs)        00312
_CCP3CON                          (abs)        00316
_CCP4CON                          (abs)        0031A
_CCPR1H                           (abs)        0030D
_CCPR1L                           (abs)        0030C
_CCPR2H                           (abs)        00311
_CCPR2L                           (abs)        00310
_CCPR3H                           (abs)        00315
_CCPR3L                           (abs)        00314
_CCPR4H                           (abs)        00319
_CCPR5L                           (abs)        0031C
_GIE                              (abs)        0005F
_HH_w                             bssCOMMON    00075
_LATA                             (abs)        00016
_LATB                             (abs)        00017
_LATC                             (abs)        00018
_LL_w                             bssCOMMON    00076
_PEIE                             (abs)        0005E
_PIE3bits                         (abs)        00719
_PORTA                            (abs)        0000C
_PORTB                            (abs)        0000D
_PORTC                            (abs)        0000E
_RA0                              (abs)        00060
_RA1                              (abs)        00061
_RA7                              (abs)        00067
_RB5PPS                           (abs)        00F1D
_RC0PPS                           (abs)        00F20
_RC1PPS                           (abs)        00F21
_RC1STAbits                       (abs)        0011D
_RC2PPS                           (abs)        00F22
_RC3PPS                           (abs)        00F23
_RFBIT                            bssCOMMON    00074
_RXPPS                            (abs)        00ECB
_SPBRG                            (abs)        0011B
_T0CON0bits                       (abs)        0001E
_T0CON1bits                       (abs)        0001F
_T2CLKCON                         (abs)        00290
_T2CONbits                        (abs)        0028E
_T2PR                             (abs)        0028D
_TMR0H                            (abs)        0001D
_TMR0IE                           (abs)        038B5
_TMR0IF                           (abs)        03865
_TMR2IE                           (abs)        038D1
_TMR2IF                           (abs)        03881
_TRISA                            (abs)        00011
_TRISA0                           (abs)        00088
_TRISA7                           (abs)        0008F
_TRISB                            (abs)        00012
_TRISB4                           (abs)        00094
_TRISB5                           (abs)        00095
_TRISC                            (abs)        00013
_TRISC0                           (abs)        00098
_TRISC1                           (abs)        00099
_TRISC2                           (abs)        0009A
_TRISC3                           (abs)        0009B
_TRMT                             (abs)        008F1
_TX1STAbits                       (abs)        0011E
_TXREG                            (abs)        0011A
__Habs1                           abs1         00000
__Hbank0                          bank0        00000
__Hbank1                          bank1        00000
__Hbank10                         bank10       00000
__Hbank11                         bank11       00000
__Hbank12                         bank12       00000
__Hbank13                         bank13       00000
__Hbank14                         bank14       00000
__Hbank15                         bank15       00000
__Hbank16                         bank16       00000
__Hbank17                         bank17       00000
__Hbank18                         bank18       00000
__Hbank19                         bank19       00000
__Hbank2                          bank2        00000
__Hbank20                         bank20       00000
__Hbank21                         bank21       00000
__Hbank22                         bank22       00000
__Hbank23                         bank23       00000
__Hbank24                         bank24       00000
__Hbank25                         bank25       00000
__Hbank26                         bank26       00000
__Hbank27                         bank27       00000
__Hbank28                         bank28       00000
__Hbank29                         bank29       00000
__Hbank3                          bank3        00000
__Hbank30                         bank30       00000
__Hbank31                         bank31       00000
__Hbank4                          bank4        00000
__Hbank5                          bank5        00000
__Hbank6                          bank6        00000
__Hbank7                          bank7        00000
__Hbank8                          bank8        00000
__Hbank9                          bank9        00000
__Hbigram                         bigram       00000
__HbssBANK0                       bssBANK0     00000
__HbssCOMMON                      bssCOMMON    00000
__Hcinit                          cinit        0002B
__Hclrtext                        clrtext      00000
__Hcode                           code         00000
__Hcommon                         common       00000
__Hconfig                         config       0800C
__HcstackBANK0                    cstackBANK0  00000
__HcstackCOMMON                   cstackCOMMON 00000
__Heeprom_data                    eeprom_data  00000
__Hend_init                       end_init     00018
__Hfunctab                        functab      00000
__Hinit                           init         00016
__Hintentry                       intentry     00016
__Hmaintext                       maintext     00000
__Hpowerup                        powerup      00000
__Hram                            ram          00000
__Hreset_vec                      reset_vec    00002
__Hsfr0                           sfr0         00000
__Hsfr1                           sfr1         00000
__Hsfr10                          sfr10        00000
__Hsfr11                          sfr11        00000
__Hsfr12                          sfr12        00000
__Hsfr13                          sfr13        00000
__Hsfr14                          sfr14        00000
__Hsfr15                          sfr15        00000
__Hsfr16                          sfr16        00000
__Hsfr17                          sfr17        00000
__Hsfr18                          sfr18        00000
__Hsfr19                          sfr19        00000
__Hsfr2                           sfr2         00000
__Hsfr20                          sfr20        00000
__Hsfr21                          sfr21        00000
__Hsfr22                          sfr22        00000
__Hsfr23                          sfr23        00000
__Hsfr24                          sfr24        00000
__Hsfr25                          sfr25        00000
__Hsfr26                          sfr26        00000
__Hsfr27                          sfr27        00000
__Hsfr28                          sfr28        00000
__Hsfr29                          sfr29        00000
__Hsfr3                           sfr3         00000
__Hsfr30                          sfr30        00000
__Hsfr31                          sfr31        00000
__Hsfr4                           sfr4         00000
__Hsfr5                           sfr5         00000
__Hsfr6                           sfr6         00000
__Hsfr7                           sfr7         00000
__Hsfr8                           sfr8         00000
__Hsfr9                           sfr9         00000
__Hspace_0                        (abs)        00249
__Hspace_1                        (abs)        0007D
__Hspace_2                        (abs)        00000
__Hspace_3                        (abs)        00000
__Hspace_4                        (abs)        10013
__Hstack                          stack        00000
__Hstrings                        strings      00000
__Htext                           text         00000
__Labs1                           abs1         00000
__Lbank0                          bank0        00000
__Lbank1                          bank1        00000
__Lbank10                         bank10       00000
__Lbank11                         bank11       00000
__Lbank12                         bank12       00000
__Lbank13                         bank13       00000
__Lbank14                         bank14       00000
__Lbank15                         bank15       00000
__Lbank16                         bank16       00000
__Lbank17                         bank17       00000
__Lbank18                         bank18       00000
__Lbank19                         bank19       00000
__Lbank2                          bank2        00000
__Lbank20                         bank20       00000
__Lbank21                         bank21       00000
__Lbank22                         bank22       00000
__Lbank23                         bank23       00000
__Lbank24                         bank24       00000
__Lbank25                         bank25       00000
__Lbank26                         bank26       00000
__Lbank27                         bank27       00000
__Lbank28                         bank28       00000
__Lbank29                         bank29       00000
__Lbank3                          bank3        00000
__Lbank30                         bank30       00000
__Lbank31                         bank31       00000
__Lbank4                          bank4        00000
__Lbank5                          bank5        00000
__Lbank6                          bank6        00000
__Lbank7                          bank7        00000
__Lbank8                          bank8        00000
__Lbank9                          bank9        00000
__Lbigram                         bigram       00000
__LbssBANK0                       bssBANK0     00000
__LbssCOMMON                      bssCOMMON    00000
__Lcinit                          cinit        00018
__Lclrtext                        clrtext      00000
__Lcode                           code         00000
__Lcommon                         common       00000
__Lconfig                         config       00000
__LcstackBANK0                    cstackBANK0  00000
__LcstackCOMMON                   cstackCOMMON 00000
__Leeprom_data                    eeprom_data  00000
__Lend_init                       end_init     00016
__Lfunctab                        functab      00000
__Linit                           init         00016
__Lintentry                       intentry     00004
__Lmaintext                       maintext     00000
__Lpowerup                        powerup      00000
__Lram                            ram          00000
__Lreset_vec                      reset_vec    00000
__Lsfr0                           sfr0         00000
__Lsfr1                           sfr1         00000
__Lsfr10                          sfr10        00000
__Lsfr11                          sfr11        00000
__Lsfr12                          sfr12        00000
__Lsfr13                          sfr13        00000
__Lsfr14                          sfr14        00000
__Lsfr15                          sfr15        00000
__Lsfr16                          sfr16        00000
__Lsfr17                          sfr17        00000
__Lsfr18                          sfr18        00000
__Lsfr19                          sfr19        00000
__Lsfr2                           sfr2         00000
__Lsfr20                          sfr20        00000
__Lsfr21                          sfr21        00000
__Lsfr22                          sfr22        00000
__Lsfr23                          sfr23        00000
__Lsfr24                          sfr24        00000
__Lsfr25                          sfr25        00000
__Lsfr26                          sfr26        00000
__Lsfr27                          sfr27        00000
__Lsfr28                          sfr28        00000
__Lsfr29                          sfr29        00000
__Lsfr3                           sfr3         00000
__Lsfr30                          sfr30        00000
__Lsfr31                          sfr31        00000
__Lsfr4                           sfr4         00000
__Lsfr5                           sfr5         00000
__Lsfr6                           sfr6         00000
__Lsfr7                           sfr7         00000
__Lsfr8                           sfr8         00000
__Lsfr9                           sfr9         00000
__Lspace_0                        (abs)        00000
__Lspace_1                        (abs)        00000
__Lspace_2                        (abs)        00000
__Lspace_3                        (abs)        00000
__Lspace_4                        (abs)        00000
__Lstack                          stack        00000
__Lstrings                        strings      00000
__Ltext                           text         00000
__S0                              (abs)        00249
__S1                              (abs)        0007D
__S2                              (abs)        00000
__S3                              (abs)        00000
___int_sp                         stack        00000
___latbits                        (abs)        00001
___sp                             stack        00000
___stackhi                        (abs)        021EF
___stacklo                        (abs)        02032
__end_of__initialization          cinit        00027
__end_of_back                     text16       001D3
__end_of_fail                     text14       00227
__end_of_forward                  text13       001B8
__end_of_forward_left             text12       0019D
__end_of_forward_right            text11       00182
__end_of_handle_wireless_control  text9        000DB
__end_of_init_EUSART              text6        001EA
__end_of_init_hardware            text1        00167
__end_of_init_syn480r             text5        0022E
__end_of_init_tmr0                text3        001FF
__end_of_irs_routine              intentry     00016
__end_of_main                     maintext     0023A
__end_of_pwm_init                 text2        00120
__end_of_reset_tmr0               text4        00240
__end_of_set_pwm                  text17       00149
__end_of_stop                     text15       00214
__end_of_success                  text10       00249
__end_ofi1_reset_tmr0             text8        00246
__initialization                  cinit        00018
__pbssBANK0                       bssBANK0     00020
__pbssCOMMON                      bssCOMMON    00070
__pcstackBANK0                    cstackBANK0  00000
__pcstackCOMMON                   cstackCOMMON 00077
__pintentry                       intentry     00004
__pmaintext                       maintext     00234
__ptext1                          text1        00149
__ptext10                         text10       00246
__ptext11                         text11       00167
__ptext12                         text12       00182
__ptext13                         text13       0019D
__ptext14                         text14       00214
__ptext15                         text15       001FF
__ptext16                         text16       001B8
__ptext17                         text17       00120
__ptext2                          text2        000DB
__ptext3                          text3        001EA
__ptext4                          text4        0023A
__ptext5                          text5        00227
__ptext6                          text6        001D3
__ptext8                          text8        00240
__ptext9                          text9        0002B
__size_of_back                    (abs)        00000
__size_of_fail                    (abs)        00000
__size_of_forward                 (abs)        00000
__size_of_forward_left            (abs)        00000
__size_of_forward_right           (abs)        00000
__size_of_handle_wireless_control (abs)        00000
__size_of_init_EUSART             (abs)        00000
__size_of_init_hardware           (abs)        00000
__size_of_init_syn480r            (abs)        00000
__size_of_init_tmr0               (abs)        00000
__size_of_irs_routine             (abs)        00000
__size_of_main                    (abs)        00000
__size_of_pwm_init                (abs)        00000
__size_of_reset_tmr0              (abs)        00000
__size_of_set_pwm                 (abs)        00000
__size_of_stop                    (abs)        00000
__size_of_success                 (abs)        00000
__size_ofi1_reset_tmr0            (abs)        00000
_back                             text16       001B8
_bit_cnt                          bssCOMMON    00073
_data_recv                        bssBANK0     00048
_fail                             text14       00214
_forward                          text13       0019D
_forward_left                     text12       00182
_forward_right                    text11       00167
_handle_wireless_control          text9        0002B
_init_EUSART                      text6        001D3
_init_hardware                    text1        00149
_init_syn480r                     text5        00227
_init_tmr0                        text3        001EA
_irs_routine                      intentry     00004
_main                             maintext     00234
_null_cnt                         bssCOMMON    00070
_pwm_init                         text2        000DB
_reset_tmr0                       text4        0023A
_set_pwm                          text17       00120
_start                            bssCOMMON    00072
_stop                             text15       001FF
_success                          text10       00246
btemp                             (abs)        0007E
clear_ram0                        clrtext      0022E
end_of_initialization             cinit        00027
i1_reset_tmr0                     text8        00240
int$flags                         (abs)        0007E
intlevel0                         functab      00000
intlevel1                         functab      00000
intlevel2                         functab      00000
intlevel3                         functab      00000
intlevel4                         functab      00000
intlevel5                         functab      00000
reset_vec                         reset_vec    00000
set_pwm@num                       cstackCOMMON 0007A
set_pwm@power                     cstackCOMMON 00077
start                             init         00016
start_initialization              cinit        00018
wtemp0                            (abs)        0007E


MODULE INFORMATION

Module		Function		Class		Link	Load	Size
syn480r.c
		_fail          		CODE           	0214	0000	19
		_init_syn480r  		CODE           	0227	0000	7
		_success       		CODE           	0246	0000	3
		_handle_wireless_control		CODE           	002B	0000	176

syn480r.c estimated size: 205

eusart.c
		_init_EUSART   		CODE           	01D3	0000	23

eusart.c estimated size: 23

pwm.c
		_set_pwm       		CODE           	0120	0000	41
		_pwm_init      		CODE           	00DB	0000	69

pwm.c estimated size: 110

motor.c
		_stop          		CODE           	01FF	0000	21
		_forward       		CODE           	019D	0000	27
		_forward_left  		CODE           	0182	0000	27
		_forward_right 		CODE           	0167	0000	27
		_back          		CODE           	01B8	0000	27

motor.c estimated size: 129

shared
		__initialization		CODE           	0018	0000	15
		i1_reset_tmr0  		CODE           	0240	0000	6

shared estimated size: 21

init.c
		_init_hardware 		CODE           	0149	0000	30
		_init_tmr0     		CODE           	01EA	0000	21
		_reset_tmr0    		CODE           	023A	0000	6

init.c estimated size: 57

main.c
		_irs_routine   		CODE           	0004	0000	18
		_main          		CODE           	0234	0000	6

main.c estimated size: 24

